../Drivers/CMSIS/Include/core_cm4.h:2064:26:ITM_SendChar	16	static,ignoring_inline_asm
../Core/Src/main.c:86:5:main	24	static
../Core/Src/main.c:221:6:SystemClock_Config	88	static
../Core/Src/main.c:268:13:MX_I2S2_Init	8	static
../Core/Src/main.c:302:13:MX_SDIO_SD_Init	4	static
../Core/Src/main.c:329:13:MX_USART2_UART_Init	8	static
../Core/Src/main.c:360:13:MX_DMA_Init	16	static
../Core/Src/main.c:381:13:MX_GPIO_Init	56	static
../Core/Src/main.c:503:5:_write	32	static
../Core/Src/main.c:514:6:HAL_I2S_RxCpltCallback	16	static
../Core/Src/main.c:519:6:HAL_I2S_RxHalfCpltCallback	16	static
../Core/Src/main.c:525:6:HAL_GPIO_EXTI_Callback	16	static
../Core/Src/main.c:533:6:HAL_UART_TxCpltCallback	16	static
../Core/Src/main.c:543:6:Error_Handler	4	static,ignoring_inline_asm
